note that the development is not optimized. to create a production use npm run build 